Codex: Fix the tab bar scrolling
Claude Code: Status bar work
Codex: Fix the tab bar scrolling
Claude Code: Status bar work
user Fix the tab bar scrolling
tool(shell) ls
result README.md
agent The strip now clamps.
Codex: Fix the tab bar scrolling
Claude Code: Status bar work
user Add a status bar
agent I'll look at the layout code first.
tool(Bash) grep -n status src/app/app.s
result 123: statusbar_draw
tool(Edit) src/app/app.s
agent Done — the status bar shows "Ln, Col".
