int main(void) {
    if (x) return "a"
    y = [1, 2]
}
<eod>
int main(void) {
    if (x) return "a"
    y = [1, ]
}
<eod>
int main(void) {
    if (x) return "a"
    y = [1, 2]
    y = [1, 2]
}
<eod>
int main(void) {
    if (x) return "a"
    // y = [1, 2]
}
<eod>
ab
<eod>
tabs=1 active=untitled line=1 col=3 sel=0 dirty=1 lang=C focus=0 theme=rhun-dark
