main.rs rust orange
lib.RS default grey
Cargo.toml rust orange
Cargo.lock rust orange
poetry.lock config grey
config.toml config grey
LICENSE license yellow
license.md license yellow
README.md info blue
Makefile makefile orange
CMakeLists.txt makefile blue
Dockerfile docker blue
docker-compose.yml docker pink
package.json npm red
tsconfig.json tsconfig blue
settings.json json yellow
.gitignore git grey
.dockerignore ignored grey
.editorconfig editorconfig grey
.env config grey
.bashrc shell green
App.vue vue green
index.html html orange
App.tsx react blue
index.js javascript yellow
theme.scss sass pink
style.css css blue
photo.PNG image purple
logo.svg svg purple
data.xml xml orange
archive.tar.gz zip grey
key.pem lock green
notes.txt default white
unknown.xyz default grey
noext default grey
.hidden default grey
song.mp3 audio purple
a.mine rust purple
Minefile rust purple
b.odd default grey
c.gry config grey
d.pln shell grey
labels 1 3 6
