tabs=1 active=words.txt line=1 col=11 sel=3 dirty=0 lang=none focus=2 theme=rhun-dark
tabs=1 active=words.txt line=3 col=5 sel=3 dirty=0 lang=none focus=2 theme=rhun-dark
tabs=1 active=words.txt line=1 col=11 sel=3 dirty=0 lang=none focus=2 theme=rhun-dark
alpha bETA gamma
delta epsilon
zETA ETA thETA

<eod>
alpha beta gamma
delta epsilon
zeta eta theta

<eod>
