tabs=1 active=grep.txt line=2 col=7 sel=6 dirty=0 lang=none focus=0 theme=rhun-dark
tabs=1 active=grep.txt line=1 col=11 sel=6 dirty=0 lang=none focus=0 theme=rhun-dark
tabs=1 active=grep.txt line=1 col=11 sel=6 dirty=0 lang=none focus=0 theme=rhun-dark
tabs=1 active=grep.txt line=1 col=11 sel=6 dirty=0 lang=none focus=0 theme=rhun-dark
