tabs=1 active=words.txt line=1 col=5 sel=0 dirty=0 lang=none focus=0 theme=rhun-dark
tabs=1 active=words.txt line=2 col=1 sel=17 dirty=0 lang=none focus=0 theme=rhun-dark
tabs=1 active=words.txt line=1 col=5 sel=0 dirty=0 lang=none focus=0 theme=rhun-dark
tabs=1 active=words.txt line=3 col=15 sel=27 dirty=0 lang=none focus=0 theme=rhun-dark
alpha beta gamma
dX

<eod>
