b
a
<eod>
tabs=1 active=untitled line=2 col=2 sel=1 dirty=1 lang=none focus=0 theme=rhun-dark
b
X
<eod>
b
a
<eod>
a
b
<eod>
b
a
<eod>
b
X
<eod>
tabs=2 active=untitled line=2 col=1 sel=1 dirty=1 lang=none focus=0 theme=rhun-dark
b
X
<eod>
tabs=3 active=untitled line=3 col=2 sel=3 dirty=1 lang=none focus=0 theme=rhun-dark
β
X
<eod>
tabs=4 active=untitled line=3 col=1 sel=2 dirty=1 lang=none focus=0 theme=rhun-dark
b
Xc
<eod>
tabs=5 active=untitled line=2 col=1 sel=2 dirty=1 lang=none focus=0 theme=rhun-dark
Xa
c
<eod>
