moves=0 maximized=0 minimized=0 quit=0 csd=1
tabs=0 focus=8 theme=rhun-dark term=1
moves=0 maximized=0 minimized=0 quit=0 csd=1
tabs=0 focus=0 theme=rhun-dark term=1 hidden
moves=1 maximized=0 minimized=0 quit=0 csd=1
moves=1 maximized=1 minimized=0 quit=0 csd=1
tabs=0 focus=0 theme=rhun-dark term=1 hidden
Open Folder…
Open File…
none
