tabs=1 active=prose.md line=3 col=80 sel=0 dirty=0 lang=Markdown focus=0 theme=rhun-dark
tabs=1 active=prose.md line=3 col=249 sel=0 dirty=0 lang=Markdown focus=0 theme=rhun-dark
tabs=1 active=prose.md line=3 col=105 sel=0 dirty=0 lang=Markdown focus=0 theme=rhun-dark
tabs=1 active=prose.md line=3 col=274 sel=169 dirty=0 lang=Markdown focus=0 theme=rhun-dark
tabs=1 active=prose.md line=6 col=301 sel=0 dirty=0 lang=Markdown focus=0 theme=rhun-dark
tabs=1 active=prose.md line=6 col=302 sel=0 dirty=1 lang=Markdown focus=0 theme=rhun-dark
tabs=1 active=prose.md line=6 col=262 sel=0 dirty=0 lang=Markdown focus=0 theme=rhun-dark
tabs=1 active=prose.md line=8 col=1 sel=0 dirty=0 lang=Markdown focus=0 theme=rhun-dark
tabs=1 active=prose.md line=8 col=1 sel=0 dirty=0 lang=Markdown focus=0 theme=rhun-dark
